// Jest Snapshot v1, https://goo.gl/fbAQLP

exports[`Pruebas en <HookApp /> Debe renderizar correctamente 1`] = `
<div>
  Hola mundo
</div>
`;
